  E04-321561556.cpp
C:\Users\Asus\source\repos\P04-321561556\P04-321561556\Window.h(12,36): warning C4244: 'return': conversión de 'GLint' a 'GLfloat'; posible pérdida de datos
C:\Users\Asus\source\repos\P04-321561556\P04-321561556\Window.h(13,37): warning C4244: 'return': conversión de 'GLint' a 'GLfloat'; posible pérdida de datos
C:\Users\Asus\source\repos\P04-321561556\P04-321561556\E04-321561556.cpp(28,36): warning C4305: 'inicializando': truncamiento de 'double' a 'float'
C:\Users\Asus\source\repos\P04-321561556\P04-321561556\E04-321561556.cpp(195,79): warning C4267: 'argumento': conversión de 'size_t' a 'unsigned int'; posible pérdida de datos
C:\Users\Asus\source\repos\P04-321561556\P04-321561556\E04-321561556.cpp(195,63): warning C4267: 'argumento': conversión de 'size_t' a 'unsigned int'; posible pérdida de datos
C:\Users\Asus\source\repos\P04-321561556\P04-321561556\E04-321561556.cpp(233,32): warning C4244: 'argumento': conversión de 'double' a '_Ty'; posible pérdida de datos
C:\Users\Asus\source\repos\P04-321561556\P04-321561556\E04-321561556.cpp(233,32): warning C4244:         with
C:\Users\Asus\source\repos\P04-321561556\P04-321561556\E04-321561556.cpp(233,32): warning C4244:         [
C:\Users\Asus\source\repos\P04-321561556\P04-321561556\E04-321561556.cpp(233,32): warning C4244:             _Ty=GLfloat
C:\Users\Asus\source\repos\P04-321561556\P04-321561556\E04-321561556.cpp(233,32): warning C4244:         ]
C:\Users\Asus\source\repos\P04-321561556\P04-321561556\E04-321561556.cpp(235,32): warning C4244: 'argumento': conversión de 'double' a '_Ty'; posible pérdida de datos
C:\Users\Asus\source\repos\P04-321561556\P04-321561556\E04-321561556.cpp(235,32): warning C4244:         with
C:\Users\Asus\source\repos\P04-321561556\P04-321561556\E04-321561556.cpp(235,32): warning C4244:         [
C:\Users\Asus\source\repos\P04-321561556\P04-321561556\E04-321561556.cpp(235,32): warning C4244:             _Ty=GLfloat
C:\Users\Asus\source\repos\P04-321561556\P04-321561556\E04-321561556.cpp(235,32): warning C4244:         ]
C:\Users\Asus\source\repos\P04-321561556\P04-321561556\E04-321561556.cpp(242,59): warning C4267: 'argumento': conversión de 'size_t' a 'unsigned int'; posible pérdida de datos
C:\Users\Asus\source\repos\P04-321561556\P04-321561556\E04-321561556.cpp(328,15): warning C4244: 'inicializando': conversión de 'double' a 'GLfloat'; posible pérdida de datos
C:\Users\Asus\source\repos\P04-321561556\P04-321561556\E04-321561556.cpp(330,33): warning C4244: '+=': conversión de 'double' a 'GLfloat'; posible pérdida de datos
LINK : warning LNK4098: la biblioteca predeterminada'MSVCRT' entra en conflicto con otras bibliotecas; use la biblioteca /NODEFAULTLIB:biblioteca
  P04-321561556.vcxproj -> C:\Users\Asus\source\repos\P04-321561556\x64\Debug\P04-321561556.exe
