c:\users\asus\source\repos\p09-321561556\p09-321561556\x64\debug\vc143.pdb
c:\users\asus\source\repos\p09-321561556\p09-321561556\x64\debug\vc143.idb
c:\users\asus\source\repos\p09-321561556\p09-321561556\x64\debug\window.obj
c:\users\asus\source\repos\p09-321561556\p09-321561556\x64\debug\texture.obj
c:\users\asus\source\repos\p09-321561556\p09-321561556\x64\debug\spotlight.obj
c:\users\asus\source\repos\p09-321561556\p09-321561556\x64\debug\sphere.obj
c:\users\asus\source\repos\p09-321561556\p09-321561556\x64\debug\skybox.obj
c:\users\asus\source\repos\p09-321561556\p09-321561556\x64\debug\shader_m.obj
c:\users\asus\source\repos\p09-321561556\p09-321561556\x64\debug\shader_light.obj
c:\users\asus\source\repos\p09-321561556\p09-321561556\x64\debug\pointlight.obj
c:\users\asus\source\repos\p09-321561556\p09-321561556\x64\debug\model.obj
c:\users\asus\source\repos\p09-321561556\p09-321561556\x64\debug\mesh_tn.obj
c:\users\asus\source\repos\p09-321561556\p09-321561556\x64\debug\material.obj
c:\users\asus\source\repos\p09-321561556\p09-321561556\x64\debug\light.obj
c:\users\asus\source\repos\p09-321561556\p09-321561556\x64\debug\directionallight.obj
c:\users\asus\source\repos\p09-321561556\p09-321561556\x64\debug\camera.obj
c:\users\asus\source\repos\p09-321561556\p09-321561556\x64\debug\e09-321561556.obj
c:\users\asus\source\repos\p09-321561556\x64\debug\p09-321561556.exe
c:\users\asus\source\repos\p09-321561556\x64\debug\p09-321561556.pdb
c:\users\asus\source\repos\p09-321561556\p09-321561556\x64\debug\p09-321561556.ilk
c:\users\asus\source\repos\p09-321561556\p09-321561556\x64\debug\e07-321561556.obj
c:\users\asus\source\repos\p09-321561556\p09-321561556\x64\debug\e08-321561556.obj
c:\users\asus\source\repos\p09-321561556\p09-321561556\x64\debug\practica7.obj
c:\users\asus\source\repos\p09-321561556\p09-321561556\x64\debug\practica9_c.obj
c:\users\asus\source\repos\p09-321561556\p09-321561556\x64\debug\p07-321561556.ilk
c:\users\asus\source\repos\p09-321561556\p09-321561556\x64\debug\p08_321561556.ilk
c:\users\asus\source\repos\p09-321561556\p09-321561556\x64\debug\p09-321561556.tlog\cl.command.1.tlog
c:\users\asus\source\repos\p09-321561556\p09-321561556\x64\debug\p09-321561556.tlog\cl.items.tlog
c:\users\asus\source\repos\p09-321561556\p09-321561556\x64\debug\p09-321561556.tlog\cl.read.1.tlog
c:\users\asus\source\repos\p09-321561556\p09-321561556\x64\debug\p09-321561556.tlog\cl.write.1.tlog
c:\users\asus\source\repos\p09-321561556\p09-321561556\x64\debug\p09-321561556.tlog\link.command.1.tlog
c:\users\asus\source\repos\p09-321561556\p09-321561556\x64\debug\p09-321561556.tlog\link.read.1.tlog
c:\users\asus\source\repos\p09-321561556\p09-321561556\x64\debug\p09-321561556.tlog\link.secondary.1.tlog
c:\users\asus\source\repos\p09-321561556\p09-321561556\x64\debug\p09-321561556.tlog\link.write.1.tlog
