  Camera.cpp
  P03_321561556.cpp
C:\Users\Asus\Desktop\Todo\CompuGráfica\Project3\Project3\Window.h(12,36): warning C4244: 'return': conversión de 'GLint' a 'GLfloat'; posible pérdida de datos
C:\Users\Asus\Desktop\Todo\CompuGráfica\Project3\Project3\Window.h(13,37): warning C4244: 'return': conversión de 'GLint' a 'GLfloat'; posible pérdida de datos
C:\Users\Asus\Desktop\Todo\CompuGráfica\Project3\Project3\P03_321561556.cpp(27,36): warning C4305: 'inicializando': truncamiento de 'double' a 'float'
C:\Users\Asus\Desktop\Todo\CompuGráfica\Project3\Project3\P03_321561556.cpp(198,79): warning C4267: 'argumento': conversión de 'size_t' a 'unsigned int'; posible pérdida de datos
C:\Users\Asus\Desktop\Todo\CompuGráfica\Project3\Project3\P03_321561556.cpp(198,63): warning C4267: 'argumento': conversión de 'size_t' a 'unsigned int'; posible pérdida de datos
C:\Users\Asus\Desktop\Todo\CompuGráfica\Project3\Project3\P03_321561556.cpp(236,32): warning C4244: 'argumento': conversión de 'double' a '_Ty'; posible pérdida de datos
C:\Users\Asus\Desktop\Todo\CompuGráfica\Project3\Project3\P03_321561556.cpp(236,32): warning C4244:         with
C:\Users\Asus\Desktop\Todo\CompuGráfica\Project3\Project3\P03_321561556.cpp(236,32): warning C4244:         [
C:\Users\Asus\Desktop\Todo\CompuGráfica\Project3\Project3\P03_321561556.cpp(236,32): warning C4244:             _Ty=GLfloat
C:\Users\Asus\Desktop\Todo\CompuGráfica\Project3\Project3\P03_321561556.cpp(236,32): warning C4244:         ]
C:\Users\Asus\Desktop\Todo\CompuGráfica\Project3\Project3\P03_321561556.cpp(238,32): warning C4244: 'argumento': conversión de 'double' a '_Ty'; posible pérdida de datos
C:\Users\Asus\Desktop\Todo\CompuGráfica\Project3\Project3\P03_321561556.cpp(238,32): warning C4244:         with
C:\Users\Asus\Desktop\Todo\CompuGráfica\Project3\Project3\P03_321561556.cpp(238,32): warning C4244:         [
C:\Users\Asus\Desktop\Todo\CompuGráfica\Project3\Project3\P03_321561556.cpp(238,32): warning C4244:             _Ty=GLfloat
C:\Users\Asus\Desktop\Todo\CompuGráfica\Project3\Project3\P03_321561556.cpp(238,32): warning C4244:         ]
C:\Users\Asus\Desktop\Todo\CompuGráfica\Project3\Project3\P03_321561556.cpp(245,59): warning C4267: 'argumento': conversión de 'size_t' a 'unsigned int'; posible pérdida de datos
C:\Users\Asus\Desktop\Todo\CompuGráfica\Project3\Project3\P03_321561556.cpp(334,15): warning C4244: 'inicializando': conversión de 'double' a 'GLfloat'; posible pérdida de datos
C:\Users\Asus\Desktop\Todo\CompuGráfica\Project3\Project3\P03_321561556.cpp(336,33): warning C4244: '+=': conversión de 'double' a 'GLfloat'; posible pérdida de datos
  Mesh.cpp
  Shader.cpp
C:\Users\Asus\Desktop\Todo\CompuGráfica\Project3\Project3\Shader.cpp(131,24): warning C4267: '=': conversión de 'size_t' a 'GLint'; posible pérdida de datos
  Sphere.cpp
C:\Users\Asus\Desktop\Todo\CompuGráfica\Project3\Project3\Sphere.cpp(39,13): warning C4244: 'inicializando': conversión de 'double' a 'float'; posible pérdida de datos
C:\Users\Asus\Desktop\Todo\CompuGráfica\Project3\Project3\Sphere.cpp(43,16): warning C4244: 'inicializando': conversión de 'double' a 'float'; posible pérdida de datos
C:\Users\Asus\Desktop\Todo\CompuGráfica\Project3\Project3\Sphere.cpp(91,50): warning C4267: 'argumento': conversión de 'size_t' a 'GLsizei'; posible pérdida de datos
C:\Users\Asus\Desktop\Todo\CompuGráfica\Project3\Project3\Sphere.cpp(94,51): warning C4267: 'argumento': conversión de 'size_t' a 'GLsizei'; posible pérdida de datos
C:\Users\Asus\Desktop\Todo\CompuGráfica\Project3\Project3\Sphere.cpp(98,50): warning C4267: 'argumento': conversión de 'size_t' a 'GLsizei'; posible pérdida de datos
C:\Users\Asus\Desktop\Todo\CompuGráfica\Project3\Project3\Sphere.cpp(108,42): warning C4267: 'argumento': conversión de 'size_t' a 'GLsizei'; posible pérdida de datos
  Window.cpp
C:\Users\Asus\Desktop\Todo\CompuGráfica\Project3\Project3\Window.h(12,36): warning C4244: 'return': conversión de 'GLint' a 'GLfloat'; posible pérdida de datos
C:\Users\Asus\Desktop\Todo\CompuGráfica\Project3\Project3\Window.h(13,37): warning C4244: 'return': conversión de 'GLint' a 'GLfloat'; posible pérdida de datos
C:\Users\Asus\Desktop\Todo\CompuGráfica\Project3\Project3\Window.cpp(149,22): warning C4244: '=': conversión de 'double' a 'GLfloat'; posible pérdida de datos
C:\Users\Asus\Desktop\Todo\CompuGráfica\Project3\Project3\Window.cpp(150,22): warning C4244: '=': conversión de 'double' a 'GLfloat'; posible pérdida de datos
C:\Users\Asus\Desktop\Todo\CompuGráfica\Project3\Project3\Window.cpp(154,28): warning C4244: '=': conversión de 'double' a 'GLfloat'; posible pérdida de datos
C:\Users\Asus\Desktop\Todo\CompuGráfica\Project3\Project3\Window.cpp(155,40): warning C4244: '=': conversión de 'double' a 'GLfloat'; posible pérdida de datos
C:\Users\Asus\Desktop\Todo\CompuGráfica\Project3\Project3\Window.cpp(157,21): warning C4244: '=': conversión de 'double' a 'GLfloat'; posible pérdida de datos
C:\Users\Asus\Desktop\Todo\CompuGráfica\Project3\Project3\Window.cpp(158,21): warning C4244: '=': conversión de 'double' a 'GLfloat'; posible pérdida de datos
  Generando código
  Previous IPDB not found, fall back to full compilation.
C:\Users\Asus\Desktop\Todo\CompuGráfica\Project3\Project3\Window.cpp(77): warning C4715: 'Window::Initialise': no todas las rutas de acceso de control devuelven un valor
  All 602 functions were compiled because no usable IPDB/IOBJ from previous compilation was found.
  Generación de código finalizada
  Project3.vcxproj -> C:\Users\Asus\Desktop\Todo\CompuGráfica\Project3\x64\Release\Project3.exe
