C:\Program Files\Microsoft Visual Studio\2022\Community\MSBuild\Microsoft\VC\v170\Microsoft.CppBuild.targets(531,5): warning MSB8028: El directorio intermedio (x64\Release\) contiene archivos compartidos de otro proyecto (P07-321561556.vcxproj). Esto puede dar lugar a un comportamiento incorrecto de limpieza y recompilación.
  Camera.cpp
  DirectionalLight.cpp
  Light.cpp
C:\Users\Asus\source\repos\P08_321561556\P08_321561556\DirectionalLight.cpp(18,14): warning C4244: 'argumento': conversión de 'GLfloat' a 'GLint'; posible pérdida de datos
C:\Users\Asus\source\repos\P08_321561556\P08_321561556\DirectionalLight.cpp(19,14): warning C4244: 'argumento': conversión de 'GLfloat' a 'GLint'; posible pérdida de datos
C:\Users\Asus\source\repos\P08_321561556\P08_321561556\DirectionalLight.cpp(21,14): warning C4244: 'argumento': conversión de 'GLfloat' a 'GLint'; posible pérdida de datos
C:\Users\Asus\source\repos\P08_321561556\P08_321561556\DirectionalLight.cpp(22,14): warning C4244: 'argumento': conversión de 'GLfloat' a 'GLint'; posible pérdida de datos
  Material.cpp
  Mesh_tn.cpp
  Model.cpp
C:\Users\Asus\source\repos\P08_321561556\P08_321561556\Model.cpp(16,88): warning C4474: "printf": se pasaron demasiados argumentos para la cadena de formato
C:\Users\Asus\source\repos\P08_321561556\P08_321561556\Model.cpp(51,7): warning C4804: '<': uso no seguro del tipo 'bool' en la operación
C:\Users\Asus\source\repos\P08_321561556\P08_321561556\Model.cpp(110,78): warning C4267: 'argumento': conversión de 'size_t' a 'unsigned int'; posible pérdida de datos
C:\Users\Asus\source\repos\P08_321561556\P08_321561556\Model.cpp(110,62): warning C4267: 'argumento': conversión de 'size_t' a 'unsigned int'; posible pérdida de datos
C:\Users\Asus\source\repos\P08_321561556\P08_321561556\Model.cpp(133,40): warning C4267: '=': conversión de 'size_t' a 'int'; posible pérdida de datos
  P08-321561556.cpp
C:\Users\Asus\source\repos\P08_321561556\P08_321561556\Window.h(12,36): warning C4244: 'return': conversión de 'GLint' a 'GLfloat'; posible pérdida de datos
C:\Users\Asus\source\repos\P08_321561556\P08_321561556\Window.h(13,37): warning C4244: 'return': conversión de 'GLint' a 'GLfloat'; posible pérdida de datos
C:\Users\Asus\source\repos\P08_321561556\P08_321561556\Window.h(14,26): warning C4244: 'return': conversión de 'int' a 'GLfloat'; posible pérdida de datos
C:\Users\Asus\source\repos\P08_321561556\P08_321561556\Window.h(15,26): warning C4244: 'return': conversión de 'int' a 'GLfloat'; posible pérdida de datos
C:\Users\Asus\source\repos\P08_321561556\P08_321561556\Window.h(16,26): warning C4244: 'return': conversión de 'int' a 'GLfloat'; posible pérdida de datos
C:\Users\Asus\source\repos\P08_321561556\P08_321561556\Window.h(21,33): warning C4244: 'return': conversión de 'GLint' a 'GLfloat'; posible pérdida de datos
C:\Users\Asus\source\repos\P08_321561556\P08_321561556\P08-321561556.cpp(117,24): warning C4267: 'inicializando': conversión de 'size_t' a 'unsigned int'; posible pérdida de datos
C:\Users\Asus\source\repos\P08_321561556\P08_321561556\P08-321561556.cpp(463,9): warning C4305: 'argumento': truncamiento de 'double' a 'GLfloat'
C:\Users\Asus\source\repos\P08_321561556\P08_321561556\P08-321561556.cpp(554,15): warning C4244: 'inicializando': conversión de 'double' a 'GLfloat'; posible pérdida de datos
C:\Users\Asus\source\repos\P08_321561556\P08_321561556\P08-321561556.cpp(556,33): warning C4244: '+=': conversión de 'double' a 'GLfloat'; posible pérdida de datos
  PointLight.cpp
C:\Users\Asus\source\repos\P08_321561556\P08_321561556\PointLight.cpp(28,14): warning C4244: 'argumento': conversión de 'GLfloat' a 'GLint'; posible pérdida de datos
C:\Users\Asus\source\repos\P08_321561556\P08_321561556\PointLight.cpp(29,14): warning C4244: 'argumento': conversión de 'GLfloat' a 'GLint'; posible pérdida de datos
C:\Users\Asus\source\repos\P08_321561556\P08_321561556\PointLight.cpp(30,14): warning C4244: 'argumento': conversión de 'GLfloat' a 'GLint'; posible pérdida de datos
C:\Users\Asus\source\repos\P08_321561556\P08_321561556\PointLight.cpp(32,14): warning C4244: 'argumento': conversión de 'GLfloat' a 'GLint'; posible pérdida de datos
C:\Users\Asus\source\repos\P08_321561556\P08_321561556\PointLight.cpp(33,14): warning C4244: 'argumento': conversión de 'GLfloat' a 'GLint'; posible pérdida de datos
C:\Users\Asus\source\repos\P08_321561556\P08_321561556\PointLight.cpp(34,14): warning C4244: 'argumento': conversión de 'GLfloat' a 'GLint'; posible pérdida de datos
C:\Users\Asus\source\repos\P08_321561556\P08_321561556\PointLight.cpp(35,14): warning C4244: 'argumento': conversión de 'GLfloat' a 'GLint'; posible pérdida de datos
  Shader_light.cpp
C:\Users\Asus\source\repos\P08_321561556\P08_321561556\Shader_light.cpp(101,38): warning C4477: 'snprintf' : la cadena de formato '%d' requiere un argumento de tipo 'int', pero el argumento variádico 1 tiene el tipo 'size_t'
C:\Users\Asus\source\repos\P08_321561556\P08_321561556\Shader_light.cpp(104,38): warning C4477: 'snprintf' : la cadena de formato '%d' requiere un argumento de tipo 'int', pero el argumento variádico 1 tiene el tipo 'size_t'
C:\Users\Asus\source\repos\P08_321561556\P08_321561556\Shader_light.cpp(107,38): warning C4477: 'snprintf' : la cadena de formato '%d' requiere un argumento de tipo 'int', pero el argumento variádico 1 tiene el tipo 'size_t'
C:\Users\Asus\source\repos\P08_321561556\P08_321561556\Shader_light.cpp(110,38): warning C4477: 'snprintf' : la cadena de formato '%d' requiere un argumento de tipo 'int', pero el argumento variádico 1 tiene el tipo 'size_t'
C:\Users\Asus\source\repos\P08_321561556\P08_321561556\Shader_light.cpp(113,38): warning C4477: 'snprintf' : la cadena de formato '%d' requiere un argumento de tipo 'int', pero el argumento variádico 1 tiene el tipo 'size_t'
C:\Users\Asus\source\repos\P08_321561556\P08_321561556\Shader_light.cpp(116,38): warning C4477: 'snprintf' : la cadena de formato '%d' requiere un argumento de tipo 'int', pero el argumento variádico 1 tiene el tipo 'size_t'
C:\Users\Asus\source\repos\P08_321561556\P08_321561556\Shader_light.cpp(119,38): warning C4477: 'snprintf' : la cadena de formato '%d' requiere un argumento de tipo 'int', pero el argumento variádico 1 tiene el tipo 'size_t'
C:\Users\Asus\source\repos\P08_321561556\P08_321561556\Shader_light.cpp(129,38): warning C4477: 'snprintf' : la cadena de formato '%d' requiere un argumento de tipo 'int', pero el argumento variádico 1 tiene el tipo 'size_t'
C:\Users\Asus\source\repos\P08_321561556\P08_321561556\Shader_light.cpp(132,38): warning C4477: 'snprintf' : la cadena de formato '%d' requiere un argumento de tipo 'int', pero el argumento variádico 1 tiene el tipo 'size_t'
C:\Users\Asus\source\repos\P08_321561556\P08_321561556\Shader_light.cpp(135,38): warning C4477: 'snprintf' : la cadena de formato '%d' requiere un argumento de tipo 'int', pero el argumento variádico 1 tiene el tipo 'size_t'
C:\Users\Asus\source\repos\P08_321561556\P08_321561556\Shader_light.cpp(138,38): warning C4477: 'snprintf' : la cadena de formato '%d' requiere un argumento de tipo 'int', pero el argumento variádico 1 tiene el tipo 'size_t'
C:\Users\Asus\source\repos\P08_321561556\P08_321561556\Shader_light.cpp(141,38): warning C4477: 'snprintf' : la cadena de formato '%d' requiere un argumento de tipo 'int', pero el argumento variádico 1 tiene el tipo 'size_t'
C:\Users\Asus\source\repos\P08_321561556\P08_321561556\Shader_light.cpp(144,38): warning C4477: 'snprintf' : la cadena de formato '%d' requiere un argumento de tipo 'int', pero el argumento variádico 1 tiene el tipo 'size_t'
C:\Users\Asus\source\repos\P08_321561556\P08_321561556\Shader_light.cpp(147,38): warning C4477: 'snprintf' : la cadena de formato '%d' requiere un argumento de tipo 'int', pero el argumento variádico 1 tiene el tipo 'size_t'
C:\Users\Asus\source\repos\P08_321561556\P08_321561556\Shader_light.cpp(150,38): warning C4477: 'snprintf' : la cadena de formato '%d' requiere un argumento de tipo 'int', pero el argumento variádico 1 tiene el tipo 'size_t'
C:\Users\Asus\source\repos\P08_321561556\P08_321561556\Shader_light.cpp(153,38): warning C4477: 'snprintf' : la cadena de formato '%d' requiere un argumento de tipo 'int', pero el argumento variádico 1 tiene el tipo 'size_t'
C:\Users\Asus\source\repos\P08_321561556\P08_321561556\Shader_light.cpp(207,75): warning C4244: 'argumento': conversión de 'GLuint' a 'GLfloat'; posible pérdida de datos
C:\Users\Asus\source\repos\P08_321561556\P08_321561556\Shader_light.cpp(207,26): warning C4244: 'argumento': conversión de 'GLuint' a 'GLfloat'; posible pérdida de datos
C:\Users\Asus\source\repos\P08_321561556\P08_321561556\Shader_light.cpp(206,91): warning C4244: 'argumento': conversión de 'GLuint' a 'GLfloat'; posible pérdida de datos
C:\Users\Asus\source\repos\P08_321561556\P08_321561556\Shader_light.cpp(206,42): warning C4244: 'argumento': conversión de 'GLuint' a 'GLfloat'; posible pérdida de datos
C:\Users\Asus\source\repos\P08_321561556\P08_321561556\Shader_light.cpp(220,98): warning C4244: 'argumento': conversión de 'GLuint' a 'GLfloat'; posible pérdida de datos
C:\Users\Asus\source\repos\P08_321561556\P08_321561556\Shader_light.cpp(220,62): warning C4244: 'argumento': conversión de 'GLuint' a 'GLfloat'; posible pérdida de datos
C:\Users\Asus\source\repos\P08_321561556\P08_321561556\Shader_light.cpp(220,24): warning C4244: 'argumento': conversión de 'GLuint' a 'GLfloat'; posible pérdida de datos
C:\Users\Asus\source\repos\P08_321561556\P08_321561556\Shader_light.cpp(219,70): warning C4244: 'argumento': conversión de 'GLuint' a 'GLfloat'; posible pérdida de datos
C:\Users\Asus\source\repos\P08_321561556\P08_321561556\Shader_light.cpp(219,24): warning C4244: 'argumento': conversión de 'GLuint' a 'GLfloat'; posible pérdida de datos
C:\Users\Asus\source\repos\P08_321561556\P08_321561556\Shader_light.cpp(218,88): warning C4244: 'argumento': conversión de 'GLuint' a 'GLfloat'; posible pérdida de datos
C:\Users\Asus\source\repos\P08_321561556\P08_321561556\Shader_light.cpp(218,42): warning C4244: 'argumento': conversión de 'GLuint' a 'GLfloat'; posible pérdida de datos
C:\Users\Asus\source\repos\P08_321561556\P08_321561556\Shader_light.cpp(269,24): warning C4267: '=': conversión de 'size_t' a 'GLint'; posible pérdida de datos
  Skybox.cpp
C:\Users\Asus\source\repos\P08_321561556\P08_321561556\Skybox.cpp(30,47): warning C4267: 'argumento': conversión de 'size_t' a 'GLenum'; posible pérdida de datos
  Sphere.cpp
C:\Users\Asus\source\repos\P08_321561556\P08_321561556\Sphere.cpp(39,13): warning C4244: 'inicializando': conversión de 'double' a 'float'; posible pérdida de datos
C:\Users\Asus\source\repos\P08_321561556\P08_321561556\Sphere.cpp(43,16): warning C4244: 'inicializando': conversión de 'double' a 'float'; posible pérdida de datos
C:\Users\Asus\source\repos\P08_321561556\P08_321561556\Sphere.cpp(91,50): warning C4267: 'argumento': conversión de 'size_t' a 'GLsizei'; posible pérdida de datos
C:\Users\Asus\source\repos\P08_321561556\P08_321561556\Sphere.cpp(94,51): warning C4267: 'argumento': conversión de 'size_t' a 'GLsizei'; posible pérdida de datos
C:\Users\Asus\source\repos\P08_321561556\P08_321561556\Sphere.cpp(98,50): warning C4267: 'argumento': conversión de 'size_t' a 'GLsizei'; posible pérdida de datos
C:\Users\Asus\source\repos\P08_321561556\P08_321561556\Sphere.cpp(108,42): warning C4267: 'argumento': conversión de 'size_t' a 'GLsizei'; posible pérdida de datos
  SpotLight.cpp
  Texture.cpp
  Window.cpp
C:\Users\Asus\source\repos\P08_321561556\P08_321561556\Window.h(12,36): warning C4244: 'return': conversión de 'GLint' a 'GLfloat'; posible pérdida de datos
C:\Users\Asus\source\repos\P08_321561556\P08_321561556\Window.h(13,37): warning C4244: 'return': conversión de 'GLint' a 'GLfloat'; posible pérdida de datos
C:\Users\Asus\source\repos\P08_321561556\P08_321561556\Window.h(14,26): warning C4244: 'return': conversión de 'int' a 'GLfloat'; posible pérdida de datos
C:\Users\Asus\source\repos\P08_321561556\P08_321561556\Window.h(15,26): warning C4244: 'return': conversión de 'int' a 'GLfloat'; posible pérdida de datos
C:\Users\Asus\source\repos\P08_321561556\P08_321561556\Window.h(16,26): warning C4244: 'return': conversión de 'int' a 'GLfloat'; posible pérdida de datos
C:\Users\Asus\source\repos\P08_321561556\P08_321561556\Window.h(21,33): warning C4244: 'return': conversión de 'GLint' a 'GLfloat'; posible pérdida de datos
C:\Users\Asus\source\repos\P08_321561556\P08_321561556\Window.cpp(205,22): warning C4244: '=': conversión de 'double' a 'GLfloat'; posible pérdida de datos
C:\Users\Asus\source\repos\P08_321561556\P08_321561556\Window.cpp(206,22): warning C4244: '=': conversión de 'double' a 'GLfloat'; posible pérdida de datos
C:\Users\Asus\source\repos\P08_321561556\P08_321561556\Window.cpp(210,28): warning C4244: '=': conversión de 'double' a 'GLfloat'; posible pérdida de datos
C:\Users\Asus\source\repos\P08_321561556\P08_321561556\Window.cpp(211,40): warning C4244: '=': conversión de 'double' a 'GLfloat'; posible pérdida de datos
C:\Users\Asus\source\repos\P08_321561556\P08_321561556\Window.cpp(213,21): warning C4244: '=': conversión de 'double' a 'GLfloat'; posible pérdida de datos
C:\Users\Asus\source\repos\P08_321561556\P08_321561556\Window.cpp(214,21): warning C4244: '=': conversión de 'double' a 'GLfloat'; posible pérdida de datos
  Generando código
  Previous IPDB not found, fall back to full compilation.
C:\Users\Asus\source\repos\P08_321561556\P08_321561556\Window.cpp(75): warning C4715: 'Window::Initialise': no todas las rutas de acceso de control devuelven un valor
  All 1111 functions were compiled because no usable IPDB/IOBJ from previous compilation was found.
  Generación de código finalizada
  P08_321561556.vcxproj -> C:\Users\Asus\source\repos\P08_321561556\x64\Release\P08_321561556.exe
